// Jest Snapshot v1, https://goo.gl/fbAQLP

exports[`AuditLogs component renders 1`] = `ReactWrapper {}`;
